
Discarded input sections

 .data          0x0000000000000000        0x0 start.o
 .bss           0x0000000000000000        0x0 start.o
 .data          0x0000000000000000        0x0 cpu_init.o
 .bss           0x0000000000000000        0x0 cpu_init.o
 .text          0x0000000000000000        0x0 nand_boot.o
 .data          0x0000000000000000        0x0 nand_boot.o
 .bss           0x0000000000000000        0x0 nand_boot.o
 .data          0x0000000000000000        0x0 lowlevel_init.o
 .bss           0x0000000000000000        0x0 lowlevel_init.o
 .data          0x0000000000000000        0x0 crt0.o
 .bss           0x0000000000000000        0x0 crt0.o
 .text          0x0000000000000000        0x0 nand_ecc.o
 .data          0x0000000000000000        0x0 nand_ecc.o
 .bss           0x0000000000000000        0x0 nand_ecc.o
 .text.nand_correct_data
                0x0000000000000000      0x128 nand_ecc.o
 .debug_info    0x0000000000000000      0xb3e nand_ecc.o
 .debug_abbrev  0x0000000000000000      0x1df nand_ecc.o
 .debug_loc     0x0000000000000000      0x2d0 nand_ecc.o
 .debug_aranges
                0x0000000000000000       0x20 nand_ecc.o
 .debug_ranges  0x0000000000000000       0x10 nand_ecc.o
 .debug_line    0x0000000000000000      0x264 nand_ecc.o
 .debug_str     0x0000000000000000      0x5f2 nand_ecc.o
 .comment       0x0000000000000000       0x2c nand_ecc.o
 .note.GNU-stack
                0x0000000000000000        0x0 nand_ecc.o
 .ARM.attributes
                0x0000000000000000       0x2a nand_ecc.o
 .debug_frame   0x0000000000000000       0x30 nand_ecc.o
 .text          0x0000000000000000        0x0 s3c64xx.o
 .bss           0x0000000000000000        0x0 s3c64xx.o
 .text          0x0000000000000000        0x0 smdk6410_nand_spl.o
 .data          0x0000000000000000        0x0 smdk6410_nand_spl.o
 .bss           0x0000000000000000        0x0 smdk6410_nand_spl.o
 .text          0x0000000000000000        0x0 nand_base.o
 .data          0x0000000000000000      0x920 nand_base.o
 .bss           0x0000000000000000        0x0 nand_base.o
 .text.nand_release_device
                0x0000000000000000       0x18 nand_base.o
 .text.nand_read_byte16
                0x0000000000000000       0x14 nand_base.o
 .text.nand_read_word
                0x0000000000000000       0x10 nand_base.o
 .text.nand_verify_buf
                0x0000000000000000       0x44 nand_base.o
 .text.nand_write_buf16
                0x0000000000000000       0x34 nand_base.o
 .text.nand_read_buf16
                0x0000000000000000       0x34 nand_base.o
 .text.nand_verify_buf16
                0x0000000000000000       0x48 nand_base.o
 .text.nand_check_wp
                0x0000000000000000       0x50 nand_base.o
 .text.nand_read_page_raw
                0x0000000000000000       0x38 nand_base.o
 .text.nand_read_page_raw_syndrome
                0x0000000000000000       0xd4 nand_base.o
 .text.nand_read_page_swecc
                0x0000000000000000      0x110 nand_base.o
 .text.nand_read_subpage
                0x0000000000000000      0x288 nand_base.o
 .text.nand_read_page_hwecc
                0x0000000000000000      0x148 nand_base.o
 .text.nand_read_page_hwecc_oob_first
                0x0000000000000000      0x13c nand_base.o
 .text.nand_read_page_syndrome
                0x0000000000000000      0x128 nand_base.o
 .text.nand_read_oob_std
                0x0000000000000000       0x48 nand_base.o
 .text.nand_read_oob_syndrome
                0x0000000000000000      0x108 nand_base.o
 .text.nand_write_oob_std
                0x0000000000000000       0x70 nand_base.o
 .text.nand_write_oob_syndrome
                0x0000000000000000      0x1b0 nand_base.o
 .text.nand_write_page_raw
                0x0000000000000000       0x34 nand_base.o
 .text.nand_write_page_raw_syndrome
                0x0000000000000000       0xd0 nand_base.o
 .text.nand_write_page_swecc
                0x0000000000000000       0xb0 nand_base.o
 .text.nand_write_page_hwecc
                0x0000000000000000       0xc8 nand_base.o
 .text.nand_write_page_syndrome
                0x0000000000000000       0xf4 nand_base.o
 .text.single_erase_cmd
                0x0000000000000000       0x3c nand_base.o
 .text.multi_erase_cmd
                0x0000000000000000       0x88 nand_base.o
 .text.nand_sync
                0x0000000000000000       0x10 nand_base.o
 .text.nand_block_checkbad
                0x0000000000000000       0x84 nand_base.o
 .text.nand_block_isbad
                0x0000000000000000       0x34 nand_base.o
 .text.nand_block_markbad
                0x0000000000000000       0x40 nand_base.o
 .text.nand_write_page
                0x0000000000000000       0xa8 nand_base.o
 .text.nand_block_bad
                0x0000000000000000      0x150 nand_base.o
 .text.nand_wait
                0x0000000000000000       0xdc nand_base.o
 .text.generic_ffs.part.0
                0x0000000000000000       0x44 nand_base.o
 .text.nand_select_chip
                0x0000000000000000       0x58 nand_base.o
 .text.nand_fill_oob
                0x0000000000000000      0x110 nand_base.o
 .text.nand_do_write_oob
                0x0000000000000000      0x1b4 nand_base.o
 .text.nand_default_block_markbad
                0x0000000000000000      0x178 nand_base.o
 .text.nand_do_write_ops
                0x0000000000000000      0x34c nand_base.o
 .text.nand_write_oob
                0x0000000000000000       0x9c nand_base.o
 .text.nand_write
                0x0000000000000000       0x8c nand_base.o
 .text.nand_transfer_oob
                0x0000000000000000      0x110 nand_base.o
 .text.nand_wait_ready
                0x0000000000000000       0x4c nand_base.o
 .text.nand_do_read_ops
                0x0000000000000000      0x3ac nand_base.o
 .text.nand_read_oob
                0x0000000000000000      0x2a0 nand_base.o
 .text.nand_read
                0x0000000000000000       0x8c nand_base.o
 .text.nand_command
                0x0000000000000000      0x1d8 nand_base.o
 .text.nand_command_lp
                0x0000000000000000      0x264 nand_base.o
 .text.nand_erase_nand
                0x0000000000000000      0x3f4 nand_base.o
 .text.nand_erase
                0x0000000000000000        0x8 nand_base.o
 .text.nand_scan_ident
                0x0000000000000000      0x7dc nand_base.o
 .text.nand_scan_tail
                0x0000000000000000      0x5d4 nand_base.o
 .text.nand_scan
                0x0000000000000000       0x24 nand_base.o
 .text.nand_release
                0x0000000000000000       0x44 nand_base.o
 .rodata        0x0000000000000000       0x64 nand_base.o
 .rodata.str1.1
                0x0000000000000000      0x286 nand_base.o

Memory Configuration

Name             Origin             Length             Attributes
*default*        0x0000000000000000 0xffffffffffffffff

Linker script and memory map

                0x0000000000000000                . = 0x0
                0x0000000000000000                . = ALIGN (0x4)

.text           0x0000000000000000      0x55c
 start.o(.text)
 .text          0x0000000000000000      0x160 start.o
                0x0000000000000000                _start
                0x0000000000000040                _end_vect
                0x0000000000000040                _TEXT_BASE
                0x0000000000000048                _bss_start_ofs
                0x000000000000004c                _bss_end_ofs
                0x0000000000000050                _end_ofs
                0x0000000000000054                IRQ_STACK_START_IN
                0x0000000000000094                relocate_code
                0x000000000000014c                c_runtime_cpu_setup
 cpu_init.o(.text)
 .text          0x0000000000000160      0x124 cpu_init.o
                0x0000000000000160                mem_ctrl_asm_init
 nand_boot.o(.text)
 *(.text)
 .text          0x0000000000000284      0x258 lowlevel_init.o
                0x0000000000000288                lowlevel_init
 .text          0x00000000000004dc       0x80 crt0.o
                0x00000000000004dc                _main

.glue_7         0x000000000000055c        0x0
 .glue_7        0x0000000000000000        0x0 linker stubs

.glue_7t        0x000000000000055c        0x0
 .glue_7t       0x0000000000000000        0x0 linker stubs

.vfp11_veneer   0x000000000000055c        0x0
 .vfp11_veneer  0x0000000000000000        0x0 linker stubs

.v4_bx          0x000000000000055c        0x0
 .v4_bx         0x0000000000000000        0x0 linker stubs

.iplt           0x000000000000055c        0x0
 .iplt          0x0000000000000000        0x0 start.o

.text.nand_command.constprop.0
                0x000000000000055c       0xec
 .text.nand_command.constprop.0
                0x000000000000055c       0xec nand_boot.o

.text.nand_load
                0x0000000000000648      0x180
 .text.nand_load
                0x0000000000000648      0x180 nand_boot.o

.text.print_address
                0x00000000000007c8       0x50
 .text.print_address
                0x00000000000007c8       0x50 nand_boot.o
                0x00000000000007c8                print_address

.text.nand_boot
                0x0000000000000818      0x118
 .text.nand_boot
                0x0000000000000818      0x118 nand_boot.o
                0x0000000000000818                nand_boot

.text.s3c_nand_select_chip
                0x0000000000000930       0x40
 .text.s3c_nand_select_chip
                0x0000000000000930       0x40 s3c64xx.o

.text.s3c_nand_device_ready
                0x0000000000000970       0x14
 .text.s3c_nand_device_ready
                0x0000000000000970       0x14 s3c64xx.o

.text.s3c_nand_enable_hwecc
                0x0000000000000984       0x40
 .text.s3c_nand_enable_hwecc
                0x0000000000000984       0x40 s3c64xx.o

.text.s3c_nand_calculate_ecc
                0x00000000000009c4       0x3c
 .text.s3c_nand_calculate_ecc
                0x00000000000009c4       0x3c s3c64xx.o

.text.s3c_nand_correct_data
                0x0000000000000a00       0x5c
 .text.s3c_nand_correct_data
                0x0000000000000a00       0x5c s3c64xx.o

.text.s3c_nand_hwcontrol
                0x0000000000000a5c       0x80
 .text.s3c_nand_hwcontrol
                0x0000000000000a5c       0x80 s3c64xx.o

.text.board_nand_init
                0x0000000000000adc       0xe8
 .text.board_nand_init
                0x0000000000000adc       0xe8 s3c64xx.o
                0x0000000000000adc                board_nand_init

.text.board_init_f
                0x0000000000000bc4        0x4
 .text.board_init_f
                0x0000000000000bc4        0x4 smdk6410_nand_spl.o
                0x0000000000000bc4                board_init_f

.text.nand_read_byte
                0x0000000000000bc8       0x14
 .text.nand_read_byte
                0x0000000000000bc8       0x14 nand_base.o
                0x0000000000000bc8                nand_read_byte

.text.nand_write_buf
                0x0000000000000bdc       0x2c
 .text.nand_write_buf
                0x0000000000000bdc       0x2c nand_base.o
                0x0000000000000bdc                nand_write_buf

.text.nand_read_buf
                0x0000000000000c08       0x2c
 .text.nand_read_buf
                0x0000000000000c08       0x2c nand_base.o
                0x0000000000000c08                nand_read_buf
                0x0000000000000c34                . = ALIGN (0x4)

.rodata         0x0000000000000c34       0x60
 *(SORT(.rodata*))
 .rodata        0x0000000000000c34       0x60 nand_boot.o
                0x0000000000000c94                . = ALIGN (0x4)

.data           0x0000000000000c94        0xc
 *(.data)
 .data          0x0000000000000c94        0xc s3c64xx.o

.igot.plt       0x0000000000000ca0        0x0
 .igot.plt      0x0000000000000000        0x0 start.o
                0x0000000000000ca0                . = ALIGN (0x4)

.got
 *(.got)
                0x0000000000000ca0                . = ALIGN (0x4)

.u_boot_list    0x0000000000000ca0        0x0
                0x0000000000000ca0                _u_boot_list__start = .
                0x0000000000000ca0                _u_boot_list_cmd__start = .
 *(SORT(.u_boot_list.cmd.*))
                0x0000000000000ca0                _u_boot_list_cmd__end = .
                0x0000000000000ca0                _u_boot_list_env_clbk__start = .
 *(SORT(.u_boot_list.env_clbk.*))
                0x0000000000000ca0                _u_boot_list_env_clbk__end = .
 *(SORT(.u_boot_list.*))
                0x0000000000000ca0                _u_boot_list__end = .
                0x0000000000000ca0                . = ALIGN (0x4)

.rel.dyn        0x0000000000000ca0        0x0
                0x0000000000000ca0                __rel_dyn_start = .
 *(.rel*)
 .rel.iplt      0x0000000000000000        0x0 start.o
                0x0000000000000ca0                __rel_dyn_end = .

.dynsym         0x0000000000000ca0        0x0
                0x0000000000000ca0                __dynsym_start = .
 *(.dynsym)
                0x0000000000000ca0                _end = .

.bss            0x0000000000000ca0        0x0
                0x0000000000000ca0                __bss_start = .
 *(.bss)
                0x0000000000000ca0                . = ALIGN (0x4)
                0x0000000000000ca0                __bss_end__ = .
Address of section .text set to 0x0
LOAD start.o
LOAD cpu_init.o
LOAD lowlevel_init.o
LOAD crt0.o
LOAD nand_boot.o
LOAD nand_ecc.o
LOAD s3c64xx.o
LOAD smdk6410_nand_spl.o
LOAD nand_base.o
OUTPUT(/home/coolmouse/WorkSpace/uboot学习/工作目录/s3c6410/uboot/new/u-boot-2013-nand-spi/nand_spl/u-boot-spl elf32-littlearm)

.ARM.attributes
                0x0000000000000000       0x26
 .ARM.attributes
                0x0000000000000000       0x1a start.o
 .ARM.attributes
                0x000000000000001a       0x1a cpu_init.o
 .ARM.attributes
                0x0000000000000034       0x2a nand_boot.o
 .ARM.attributes
                0x000000000000005e       0x1a lowlevel_init.o
 .ARM.attributes
                0x0000000000000078       0x1a crt0.o
 .ARM.attributes
                0x0000000000000092       0x2a s3c64xx.o
 .ARM.attributes
                0x00000000000000bc       0x2a smdk6410_nand_spl.o
 .ARM.attributes
                0x00000000000000e6       0x2a nand_base.o

.comment        0x0000000000000000       0x2b
 .comment       0x0000000000000000       0x2b nand_boot.o
                                         0x2c (size before relaxing)
 .comment       0x0000000000000000       0x2c s3c64xx.o
 .comment       0x0000000000000000       0x2c smdk6410_nand_spl.o
 .comment       0x0000000000000000       0x2c nand_base.o

.note.GNU-stack
                0x0000000000000000        0x0
 .note.GNU-stack
                0x0000000000000000        0x0 nand_boot.o
 .note.GNU-stack
                0x0000000000000000        0x0 s3c64xx.o
 .note.GNU-stack
                0x0000000000000000        0x0 smdk6410_nand_spl.o
 .note.GNU-stack
                0x0000000000000000        0x0 nand_base.o

.debug_line     0x0000000000000000     0x1c8e
 .debug_line    0x0000000000000000       0x89 start.o
 .debug_line    0x0000000000000089       0x89 cpu_init.o
 .debug_line    0x0000000000000112      0x30c nand_boot.o
 .debug_line    0x000000000000041e       0xfb lowlevel_init.o
 .debug_line    0x0000000000000519       0x61 crt0.o
 .debug_line    0x000000000000057a      0x34a s3c64xx.o
 .debug_line    0x00000000000008c4      0x193 smdk6410_nand_spl.o
 .debug_line    0x0000000000000a57     0x1237 nand_base.o

.debug_info     0x0000000000000000     0x906a
 .debug_info    0x0000000000000000       0xa8 start.o
 .debug_info    0x00000000000000a8       0xab cpu_init.o
 .debug_info    0x0000000000000153     0x1983 nand_boot.o
 .debug_info    0x0000000000001ad6       0xb0 lowlevel_init.o
 .debug_info    0x0000000000001b86       0xa7 crt0.o
 .debug_info    0x0000000000001c2d     0x1721 s3c64xx.o
 .debug_info    0x000000000000334e      0x2e6 smdk6410_nand_spl.o
 .debug_info    0x0000000000003634     0x5a36 nand_base.o

.debug_abbrev   0x0000000000000000      0xde2
 .debug_abbrev  0x0000000000000000       0x14 start.o
 .debug_abbrev  0x0000000000000014       0x14 cpu_init.o
 .debug_abbrev  0x0000000000000028      0x333 nand_boot.o
 .debug_abbrev  0x000000000000035b       0x14 lowlevel_init.o
 .debug_abbrev  0x000000000000036f       0x14 crt0.o
 .debug_abbrev  0x0000000000000383      0x330 s3c64xx.o
 .debug_abbrev  0x00000000000006b3      0x104 smdk6410_nand_spl.o
 .debug_abbrev  0x00000000000007b7      0x62b nand_base.o

.debug_aranges  0x0000000000000000      0x308
 .debug_aranges
                0x0000000000000000       0x20 start.o
 .debug_aranges
                0x0000000000000020       0x20 cpu_init.o
 .debug_aranges
                0x0000000000000040       0x38 nand_boot.o
 .debug_aranges
                0x0000000000000078       0x20 lowlevel_init.o
 .debug_aranges
                0x0000000000000098       0x20 crt0.o
 .debug_aranges
                0x00000000000000b8       0x50 s3c64xx.o
 .debug_aranges
                0x0000000000000108       0x20 smdk6410_nand_spl.o
 .debug_aranges
                0x0000000000000128      0x1e0 nand_base.o

.debug_loc      0x0000000000000000     0x4a52
 .debug_loc     0x0000000000000000      0x437 nand_boot.o
 .debug_loc     0x0000000000000437      0x47a s3c64xx.o
 .debug_loc     0x00000000000008b1     0x41a1 nand_base.o

.debug_ranges   0x0000000000000000      0x608
 .debug_ranges  0x0000000000000000       0x88 nand_boot.o
 .debug_ranges  0x0000000000000088       0x58 s3c64xx.o
 .debug_ranges  0x00000000000000e0       0x10 smdk6410_nand_spl.o
 .debug_ranges  0x00000000000000f0      0x518 nand_base.o

.debug_str      0x0000000000000000     0x1121
 .debug_str     0x0000000000000000      0x7ed nand_boot.o
                                        0x9d3 (size before relaxing)
 .debug_str     0x00000000000007ed      0x113 s3c64xx.o
                                        0xa0e (size before relaxing)
 .debug_str     0x0000000000000900       0x2a smdk6410_nand_spl.o
                                        0x270 (size before relaxing)
 .debug_str     0x000000000000092a      0x7f7 nand_base.o
                                       0x1179 (size before relaxing)

.debug_frame    0x0000000000000000      0x860
 .debug_frame   0x0000000000000000       0x94 nand_boot.o
 .debug_frame   0x0000000000000094       0x8c s3c64xx.o
 .debug_frame   0x0000000000000120       0x20 smdk6410_nand_spl.o
 .debug_frame   0x0000000000000140      0x720 nand_base.o
